Aluno@U0631LBM4121899 MINGW64 ~/Documents/fellipe_Ntarde (main)
$ code
Aluno@U0631LBM4121899 MINGW64~/Documents/fellipe_Ntarde (main)
S
Aluno@U0631LBM4121899 MINGW64 ~/Documents/fellipe_Ntarde (main)
$ git add
Aluno@U0631LBM4121899 MINGW64~/Documents/fellipe_Ntarde (main)
$ git status
On branch main
Your branch is up to date with 'origin/main'.
Changes to be committed:
(use "git restore --staged <file>..." to unstage)
new file: README.txt
Aluno@U0631LBM4121899 MINGW64~/Documents/fellipe_Ntarde (main)
$ git commit -m "adicionar readme"
[main 484b62a] adicionar readme
1 file changed, O insertions(+), 0 deletions(-)
create mode 100644 README.txt
Aluno@U0631LBM4121899 MINGW64~/Documents/fellipe_Ntarde (main)
$ git branch -M main
Aluno@U0631LBM4121899 MINGW64 ~/Documents/fellipe_Ntarde (main)
$ git push u origin main
Enumerating objects: 3, done.
Counting objects: 100% (3/3), done.
Delta compression using up to 6 threads
Compressing objects: 100% (2/2), done.
Writing objects: 100% (2/2), 249 bytes | 249.00 KiB/s, done.
Total 2 (delta 0), reused 0 (delta 0), pack-reused 0 (from 0)
To https://github.com/fellipesteffens8-source/teste.git
6b412c8..484b62a main -> main
branch 'main' set up to track 'origin/main'.
Aluno@U0631LBM4121899 MINGW64 ~/Documents/fellipe_Ntarde (main)